FM_TEST_BEGIN 2026-10-08T12:28:21Z tests/fm-pr-merge.test.sh family=pr-forge expected_gate_skip=none
ok - fm-pr-merge reports exact queue retry flags after a zero-exit false success
ok - fm-pr-merge omits merge-queue retry guidance for a closed GitHub PR
ok - fm-pr-merge aggregates agreeing merge-queue rules
ok - fm-pr-merge reports ambiguity for conflicting merge-queue rules
ok - fm-pr-merge records pr= and pr_head= for a verified GitHub merge
ok - fm-pr-merge records pr= before the forge call can land the merge
ok - fm-pr-merge propagates a real merge failure without silently succeeding
ok - fm-pr-merge refuses a GitHub merge call that leaves the PR open and unqueued
ok - fm-pr-merge retries a bounded number of times when mergeable is UNKNOWN and merges once it resolves
ok - fm-pr-merge reports mergeability still pending after its bounded UNKNOWN retry is spent
ok - fm-pr-merge refuses on the UNKNOWN re-check when a check turned red between reads
ok - fm-pr-merge refuses a genuine mergeable conflict immediately, without retrying
ok - fm-pr-merge keeps PR bookkeeping when it cannot read a successful merge call's outcome
ok - fm-pr-merge refuses with the forge's own output quoted apart from its verdict
ok - fm-pr-merge quotes the forge output when it cannot read the outcome either
ok - fm-pr-merge does not echo back queue flags the caller already used
ok - fm-pr-merge still names retry flags when the caller used a different method
ok - fm-pr-merge names the queue requirement even when its method is unrecognised
ok - fm-pr-merge distinguishes unreadable branch rules from a base with no merge queue
ok - fm-pr-merge reads a plan-gated 403 on branch rules as no merge queue, not unreadable
ok - fm-pr-merge says nothing about a merge queue when the base branch has no queue rule
ok - fm-pr-merge accepts only a proved merge from the gh-axi fallback
ok - fm-pr-merge explains an armed auto-merge that landed nothing on a queue-less base
ok - fm-pr-merge never reports auto-merge as armed when the merge command failed
ok - fm-pr-merge claims no acceptance for a failed merge command carrying queue flags
ok - fm-pr-merge falls back to the gh-axi view when gh's read fails
ok - fm-pr-merge names a landed state hiding behind a failed GitHub merge command
ok - fm-pr-merge refuses a GitHub merge when gh is missing, before recording
ok - fm-pr-merge refuses a GitHub merge when gh is missing rather than merging blind
ok - fm-pr-merge verifies a genuinely merged GitHub pull request
ok - fm-pr-merge refuses to claim a merge when poll recording fails
ok - fm-pr-merge accepts and accurately reports a GitHub merge-queue entry
ok - fm-pr-merge explains how to retry with the required GitHub merge queue method
ok - fm-pr-merge refuses branch deletion unless --attended-override is passed
ok - fm-pr-merge refuses before merging when task meta is missing
ok - fm-pr-merge refuses malformed PR URLs before calling gh-axi
ok - fm-pr-merge refuses unsafe PR URL segments before recording state
ok - fm-pr-merge refuses repo override args before recording state
ok - fm-pr-merge refuses a bundled short-option repo override and refuses -d unless attended
ok - fm-pr-merge does not add default --squash when the caller passes an explicit merge method
ok - fm-pr-merge respects --method=<value> as an explicit merge method
ok - fm-pr-merge parses a GitHub PR URL into gh-axi number and --repo arguments
ok - fm-pr-merge refuses a caller --sha on GitHub because the head comes from the live read
ok - fm-pr-merge merges a GitLab merge request through glab instead of refusing it
ok - fm-pr-merge takes the GitLab instance from the URL rather than assuming one
ok - fm-pr-merge imposes no merge method on GitLab, leaving the project's own one
ok - fm-pr-merge refuses GitLab source-branch deletion unless --attended-override is passed
ok - fm-pr-merge propagates a real glab merge failure without silently succeeding
ok - fm-pr-merge refuses on each GitLab pre-merge condition independently
ok - fm-pr-merge reports every failing GitLab condition, not only the first
ok - fm-pr-merge reports a stale recorded head and verifies the live one
ok - fm-pr-merge refuses an unreadable GitLab merge request state rather than merging blind
ok - fm-pr-merge refuses a GitLab head commit it cannot validate
ok - fm-pr-merge refuses before recording anything when glab or jq is absent
ok - fm-pr-merge refuses a GitLab head override before recording state
ok - Azure DevOps green merge is headless and verifies vote, policies, head, and completion
ok - quiet words authorize only green, live-head synchronous Azure DevOps completion
ok - Azure DevOps policy gate passes notApplicable, non-blocking, and the merge-strategy type id, refusing the rest
ok - queued reviewer policy completes after the configured vote
ok - GitHub approvals use a non-author credential and explicit actions preserve the green guards
ok - GitHub approval actions refuse outstanding changes requests before accessing reviewer credentials
ok - gh-axi complete quoted and unquoted response bodies accept bot logins and reject self-approval
ok - post-approval UNKNOWN retries preserve one approval, green checks, current head, and changes requests
ok - Azure DevOps completion options default off and honor env and config opt-ins
ok - Azure DevOps requests are bounded and deliver the token off argv
ok - a merge a secondmate home performs itself is reported upward exactly once
ok - a locally routed secondmate home reports the landed PR into its parent's own channel
ok - a landed GitLab merge request is reported upward on the same channel
ok - a queued GitLab merge stays silent and leaves confirmation to the armed poll
ok - a refused or failed merge reports no outcome
ok - a GitLab merge refused before the forge call reports no outcome
ok - a merge a main home performs itself leaves one durable wake naming the PR
ok - a queued GitHub merge stays silent and leaves confirmation to the armed poll
ok - distinct merged PRs for one task retain distinct captain-facing wakes
ok - an uncommitted marker retry preserves at least one durable outcome
ok - a secondmate home that cannot report upward says so instead of merging in silence
ok - fm-pr-merge proceeds when the home carries no backlog at all
ok - fm-pr-merge refuses when the backlog exists but cannot be read
ok - fm-pr-merge refuses when its configured backend cannot be read
ok - fm-pr-merge refuses when its user backend configuration cannot be read
ok - fm-pr-merge refuses when its user backend configuration directory cannot be traversed
ok - fm-pr-merge proceeds once when its user configuration directory and backlog are genuinely absent
ok - fm-pr-merge honors a backend override over an unreadable user configuration
ok - fm-pr-merge refuses red GitHub checks and waives only a named --allow-red check
ok - fm-pr-merge refuses a draft pull request and one with no boolean draft state
ok - fm-pr-merge merges when a failed check run was replaced by a passing re-run
ok - fm-pr-merge never lets a check run supersede a legacy status context
ok - fm-pr-merge still refuses when a check's current run failed after an earlier pass
ok - fm-pr-merge uses start order when the old success finishes last
ok - fm-pr-merge supersedes an old cancellation that finishes last
ok - fm-pr-merge keeps a check red while its re-run is still in flight
ok - fm-pr-merge never lets one check's pass clear another check's failure
ok - fm-pr-merge clears a failure only on a proven later pass of the same check
ok - fm-pr-merge keeps --allow-red scoped to its named check beside a superseded failure
ok - fm-pr-merge rechecks away presence before an attended red merge
ok - fm-pr-merge keeps a quiet-mode home's merges attended, the named red-check waiver included
ok - quiet words merge only a synchronous green live-head PR and refuse red, missing, waivers and queues
ok - fm-pr-merge accepts exactly one separately named red-check waiver
ok - while the away-posture record exists any green merge lands under away authority, yolo or not, and attended merges stay untagged
ok - under the away-posture record the branch merges a green task, is refused on a red check with or without --allow-red, and is refused at the partition while attended
ok - a branch merge refuses under the lock when the away record is archived during preflight
ok - away posture permits immediate merges but refuses every asynchronous path
ok - away merge proceeds on a plan-gated 403 because that repository cannot have a merge queue
ok - the away record does not bypass red checks, and a recorded pr= must match the URL
ok - an unreadable away-posture record refuses the merge instead of skipping the record
ok - no away-record archive or replacement lands between the authority read and the merge
ok - a record made unreadable before the merge's own authority read refuses the merge
ok - a merge that cannot lock the away record refuses instead of merging unlocked
ok - fm-pr-merge refuses --allow-red on GitLab
ok - fm-pr-merge refuses when a required check from branch protection or a ruleset never reported
ok - fm-pr-merge merges when every required check reported and is green
ok - fm-pr-merge reports a red check and an unreported required check together with every other failure
ok - fm-pr-merge refuses when the required checks cannot be read, and tells a plan without rules apart
ok - fm-pr-merge --allow-missing waives only its named unreported check
ok - fm-pr-merge --allow-missing is single use, attended-only, and GitHub-only like --allow-red
ok - fm-pr-merge enforces required producer identity and named waivers
ok - fm-pr-merge matches an app-bound required commit status by name
ok - fm-pr-merge reports known missing checks and all independent read errors
FM_TEST_END 2026-10-08T12:32:04Z tests/fm-pr-merge.test.sh exit=0 duration_ms=223838 gate_skip=false
FM_TEST_BEGIN 2026-10-08T12:32:04Z tests/fm-dod-lib.test.sh family=pure-contract-unit expected_gate_skip=none
FM_TEST_BEGIN 2026-10-08T12:32:04Z tests/fm-ask-user-authority.test.sh family=pure-contract-unit expected_gate_skip=none
ok - primary workers and secondmates receive the authority rule through generated instructions
FM_TEST_END 2026-10-08T12:32:05Z tests/fm-ask-user-authority.test.sh exit=0 duration_ms=110 gate_skip=false
ok - no-mistakes driving combines upstream provenance with the fork intent budget and forge-aware custody
ok - no-mistakes skip renderer refuses invalid modes and steps before emitting a contract
ok - no-mistakes delivery composes named base and lint skip
ok - scout done: is not gated
ok - unpushed ship done: is refused
ok - no-mistakes pre-validation done: is not gated
ok - named head on a remote-tracking ref is accepted
ok - a moved remote branch that lacks the named head is refused
ok - a 40-hex token in the note is not the named head
ok - a recorded merged PR satisfies the gate after prune
ok - the merged-PR short-circuit applies only to the recorded PR the done line names
ok - a forge-recorded head for the named PR is accepted without a local object
ok - a direct-PR recorded head does not cover a later unpushed commit
ok - no-mistakes CI-ready done: with extra text is gated
ok - keyed and spaced ship done: lines are gated
ok - local-only linked named branch is reachable from the project clone
ok - local-only detached HEAD only in the disposable copy is refused
ok - standalone local-only done: requires the named head in the project clone
ok - non-done lines are not gated
ok - fenced and indented Captain lines are not authorized intent
ok - PR-based DoD draft check uses gh-axi
ok - no-mistakes DoD scopes the CI-green draft check per forge
ok - promotion keeps a scout's recorded base branch and refuses local-only for it
ok - worker role names the skill and its fallback skill file
all fm-dod-lib tests passed
FM_TEST_END 2026-10-08T12:32:06Z tests/fm-dod-lib.test.sh exit=0 duration_ms=1292 gate_skip=false
FM_TEST_BEGIN 2026-10-08T12:32:06Z tests/fm-teardown.test.sh family=pr-forge expected_gate_skip=none
ok - a missing teardown startup source refuses before cleanup
ok - an unreadable teardown startup source refuses before cleanup
ok - a missing adapter sibling refuses before cleanup
ok - a forced descendant with a missing adapter sibling refuses before cleanup
ok - a forced secondmate with a missing own adapter sibling refuses before child cleanup
ok - present required sources still reach the ordinary teardown refusal
ok - local-only worktree with HEAD on a fork remote is torn down and the home summary is refreshed
ok - teardown closes its own backlog item before reporting success
ok - teardown closes a landed Gerrit task with its change URL as a note and a GitHub task with --pr
ok - teardown honors config/backlog-backend=manual and still finishes cleanly
ok - local-only worktree with truly unpushed work is refused (safety preserved)
ok - local-only worktree with work merged into local main is torn down (no regression)
ok - no-mistakes worktree with HEAD on origin is torn down (no regression)
ok - no-mistakes worktree with genuinely unlanded work is refused (safety preserved)
ok - pushed Azure DevOps work is retained until its PR is completed at the recorded head
ok - local-only worktree with unpushed work is torn down under --force (escape hatch)
ok - fm-pr-check publishes the PR-ready line on a secondmate's parent channel once
ok - a secondmate home's teardown delivers the child's final line or refuses until it can
ok - teardown completes when an exact busy-state sidecar is already absent
ok - herdr teardown removes pane-owned escalation dedupe state
ok - herdr flat teardown refuses before returning the isolated copy under lock contention and the retry completes cleanly
ok - herdr flat teardown never erases records when pane presence is unparseable
ok - herdr flat teardown preflight refuses before every destructive change
ok - herdr teardown takes its lock in a per-account namespace another account cannot block, and still refuses a foreign-owned or wrong-mode one
ok - forced secondmate teardown preflights every Herdr child before cleanup mutation
ok - forced secondmate teardown holds every descendant lifecycle and metadata lock
ok - forced secondmate teardown retains Herdr child identity until exact pane disappearance
ok - forced teardown retains a nested secondmate home and its grandchild's Herdr identity when the grandchild close is unconfirmed
ok - herdr projection teardown retires its journal only after confirming the exact recorded pane is gone
ok - herdr projection teardown retains every record when post-close presence is unknown
ok - herdr projection teardown surfaces failed focus restoration without turning confirmed cleanup into a hard failure
ok - teardown retires the task's own watcher markers and orphaned presentation journal, leaving other tasks' markers alone
ok - teardown retains a presentation journal bound to a pane other than the closed endpoint
ok - teardown retires a v1 presentation journal once its token workspace is confirmed gone
ok - teardown retains a v1 presentation journal while its token workspace is still present
ok - teardown retains a v1 presentation journal when the workspace query is ambiguous
ok - squash-merged + deleted-branch worktree (PR merged) is torn down (the fix)
ok - squash-merged PR accepts a local HEAD that is an ancestor of the final PR head
ok - teardown discovers a merged PR by branch name and tears down when no pr= was ever recorded
ok - squash-merged PR accepts replayed unpushed local patches contained in the PR head
ok - merged PR does not allow teardown after a later local commit
ok - squash-merged task whose local branch followed the pipeline rebase is torn down
ok - squash-merged same-path different content still refuses
ok - squash-merged rebased local still refuses a genuinely unlanded follow-up commit
ok - squash-merged stale local still refuses when the forge is unreachable
fm-contributions: data directory unavailable
contributions: observation not armed; coverage is unconfirmed
fm-contributions: data directory unavailable
contributions: observation not armed; coverage is unconfirmed
ok - fm-pr-check does not refresh PR head after HEAD moves
fm-contributions: data directory unavailable
contributions: observation not armed; coverage is unconfirmed
ok - fm-pr-check records the remote PR head when the local worktree lags
ok - worktree whose content already landed in the default branch is torn down (content fallback)
ok - the content-landed fallback checks a task's recorded base branch, not the default branch
ok - content fallback refreshes origin default before comparing trees
ok - dirty worktree is refused even when its committed work has landed (dirty always wins)
ok - untracked/no-mistakes: dirty refusal classifies leftovers and preserves work
ok - untracked/local-only: dirty refusal classifies leftovers and preserves work
ok - tracked/no-mistakes: dirty refusal classifies leftovers and preserves work
ok - tracked/local-only: dirty refusal classifies leftovers and preserves work
ok - mixed/no-mistakes: dirty refusal classifies leftovers and preserves work
ok - mixed/local-only: dirty refusal classifies leftovers and preserves work
ok - gh lookup error with content not in default refuses (fail-safe)
ok - a record predating spawn_gen refuses teardown until --legacy-record is passed
ok - a windowless leftover with no spawn_gen and no worktree tears down without --legacy-record
ok - a windowless leftover with no spawn_gen also tears down when --legacy-record is passed
ok - a windowless leftover still refuses while its worktree holds unlanded work
ok - a windowless record with a spawn_gen, a non-tmux backend or endpoint identity, no backlog validation, or ambiguous, foreign, or malformed identity still refuses
ok - a windowless leftover retries its retained legacy stamp without --legacy-record
ok - a landed legacy record with a dead endpoint tears down and logs its accepted incarnation
ok - --legacy-record never relaxes the unlanded-work refusal
ok - an endpoint that cannot be confidently read as dead refuses --legacy-record teardown
ok - --legacy-record teardown rolls its stamp back when the close marker write fails
ok - a legacy stamp a failed rollback left behind still faces the endpoint gate
ok - a corrupt spawn_gen is never accepted as a legacy record
ok - provably-stale worktree index.lock (old, no live holder) is cleared and teardown succeeds
ok - live-held worktree index.lock is never removed and teardown refuses
ok - lsof errors leave worktree index.lock in place and refuse teardown
ok - stale lock cleanup rechecks and refuses dirty worktree before return
ok - normal repo index.lock is resolved from the worktree and cleared when stale
ok - lock mtime read failures leave worktree index.lock in place and refuse teardown
ok - transient index.lock cleared after first failed return is retried successfully without force-remove
ok - persistent index.lock exhausts retries and refuses without force-removing the lock
ok - empty retry wait overrides use the default without aborting teardown
ok - fractional legacy retry wait remains supported without arithmetic
ok - teardown records the task's pipeline spend before removing its branch and record
ok - teardown skips all pipeline-spend recording when the home has not opted in
ok - teardown records unavailable pipeline spend for an owned ship task whose copy is gone
ok - a task's own parked no-mistakes run is aborted, not orphaned, before the worker is removed
ok - a run that lands on passed-with-override after abort is still recognized as terminal
ok - a run that lands on passed-with-skips after abort is still recognized as terminal
ok - a parked run the pipeline advanced past the task copy is still concluded from the runs ledger, not orphaned
ok - a ledger row for a different head never authorizes a parked-run abort
ok - a malformed ledger row never authorizes a parked-run abort
ok - an impossible ledger date never authorizes a parked-run abort
ok - a terminal status with a stale gate never reaches ledger cleanup
ok - an advanced head present locally aborts through the strict rule alone - the ledger fallback stays dormant
ok - an unresolvable active row with no same-branch anchor is never concluded (conservative refusal)
ok - an ancestor-only anchor never binds an advanced parked run to this task
ok - a terminal unfetched-head row is stale history and never concludes a run
ok - a terminal newest row anchored at this worktree's head never authorizes an abort
ok - a resolvable diverged newer same-branch row makes every older row stale history; no run is concluded
ok - consecutive unresolvable rows are ambiguous and never conclude a run
ok - a ledger-proven continuation is still left alone while the run is autonomously active
ok - teardown refuses before reap or removal when a task-owned run remains parked
ok - a different run cannot confirm the targeted abort
ok - empty post-abort status is not accepted as confirmation
ok - the CLI's exact run-not-found signal confirms completion
ok - a parked run on another branch is never aborted by this task's teardown (ownership is precise)
ok - a task-owned autonomous running step is left alone rather than aborted
ok - a leaked descendant process rooted under the task's worktree is reaped by teardown, not left surviving
ok - a leaked descendant process rooted under the task's per-task tasktmp is reaped by teardown too
ok - missing lsof falls back to reaping the tmux pane process group
ok - an erroring lsof scan refuses teardown and preserves the task
ok - a reused pid with a different start time is never force-killed
ok - an exec change preserves birth identity and the process is reaped
ok - a process spawned during grace is reaped on a later pass
ok - persistent leaked processes refuse teardown after bounded retries
ok - a process exiting during identity lookup does not block teardown
ok - the run abort and the leaked-process reap both complete before the destructive worktree return
FM_TEST_END 2026-10-08T12:34:06Z tests/fm-teardown.test.sh exit=0 duration_ms=120411 gate_skip=false
FM_TEST_BEGIN 2026-10-08T12:34:06Z tests/fm-pr-report-compact.test.sh family=unclassified expected_gate_skip=none
fm-pr-report-compact battery: OK
FM_TEST_END 2026-10-08T12:34:09Z tests/fm-pr-report-compact.test.sh exit=0 duration_ms=2389 gate_skip=false
FM_TEST_SUMMARY total=5 failed=0 skipped_gate=0 duration_ms=348217
FM_TEST_SUMMARY_FAMILY family=pr-forge count=2 duration_ms=344249 failed=0
FM_TEST_SUMMARY_FAMILY family=pure-contract-unit count=2 duration_ms=1402 failed=0
FM_TEST_SUMMARY_FAMILY family=unclassified count=1 duration_ms=2389 failed=0
FM_TEST_SLOWEST rank=1 script=tests/fm-pr-merge.test.sh duration_ms=223838
FM_TEST_SLOWEST rank=2 script=tests/fm-teardown.test.sh duration_ms=120411
FM_TEST_SLOWEST rank=3 script=tests/fm-pr-report-compact.test.sh duration_ms=2389
FM_TEST_SLOWEST rank=4 script=tests/fm-dod-lib.test.sh duration_ms=1292
FM_TEST_SLOWEST rank=5 script=tests/fm-ask-user-authority.test.sh duration_ms=110
exit=0
